[debug] [2026-05-29T14:21:07.413Z] ----------------------------------------------------------------------
[debug] [2026-05-29T14:21:07.415Z] Command:       C:\Program Files\nodejs\node.exe C:\Users\dasg7\AppData\Roaming\npm\node_modules\firebase-tools\lib\bin\firebase.js init hosting
[debug] [2026-05-29T14:21:07.415Z] CLI Version:   15.19.0
[debug] [2026-05-29T14:21:07.415Z] Platform:      win32
[debug] [2026-05-29T14:21:07.415Z] Node Version:  v24.16.0
[debug] [2026-05-29T14:21:07.415Z] Time:          Fri May 29 2026 19:51:07 GMT+0530 (India Standard Time)
[debug] [2026-05-29T14:21:07.416Z] ----------------------------------------------------------------------
[debug] 
[info] 
     ######## #### ########  ######## ########     ###     ######  ########
     ##        ##  ##     ## ##       ##     ##  ##   ##  ##       ##
     ######    ##  ########  ######   ########  #########  ######  ######
     ##        ##  ##    ##  ##       ##     ## ##     ##       ## ##
     ##       #### ##     ## ######## ########  ##     ##  ######  ########

You're about to initialize a Firebase project in this directory:

  C:\Users\dasg7\OneDrive\Desktop\Gajendra-CSC

[info] 
=== Project Setup
[info] 
[info] First, let's associate this project directory with a Firebase project.
[info] You can create multiple project aliases by running firebase use --add, 
[info] 
[debug] [2026-05-29T14:24:09.910Z] > command requires scopes: ["email","openid","https://www.googleapis.com/auth/cloudplatformprojects.readonly","https://www.googleapis.com/auth/firebase","https://www.googleapis.com/auth/cloud-platform"]
[debug] [2026-05-29T14:24:09.911Z] > authorizing via signed-in user (dasg756045@gmail.com)
[debug] [2026-05-29T14:24:09.912Z] Checked if tokens are valid: true, expires at: 1780067892585
[debug] [2026-05-29T14:24:09.912Z] Checked if tokens are valid: true, expires at: 1780067892585
[debug] [2026-05-29T14:24:09.913Z] >>> [apiv2][query] GET https://firebase.googleapis.com/v1beta1/projects pageSize=100
[debug] [2026-05-29T14:24:10.763Z] <<< [apiv2][status] GET https://firebase.googleapis.com/v1beta1/projects 200
[debug] [2026-05-29T14:24:10.763Z] <<< [apiv2][body] GET https://firebase.googleapis.com/v1beta1/projects [omitted]
[info] 
=== Hosting Setup
[debug] [2026-05-29T14:24:37.941Z] Checked if tokens are valid: true, expires at: 1780067892585
[debug] [2026-05-29T14:24:37.941Z] Checked if tokens are valid: true, expires at: 1780067892585
[debug] [2026-05-29T14:24:37.941Z] >>> [apiv2][query] GET https://firebase.googleapis.com/v1beta1/projects/gajendra-csc-new [none]
[debug] [2026-05-29T14:24:54.549Z] <<< [apiv2][status] GET https://firebase.googleapis.com/v1beta1/projects/gajendra-csc-new 200
[debug] [2026-05-29T14:24:54.549Z] <<< [apiv2][body] GET https://firebase.googleapis.com/v1beta1/projects/gajendra-csc-new {"projectId":"gajendra-csc-new","projectNumber":"5792307852","displayName":"Gajendra CSC NEW","name":"projects/gajendra-csc-new","resources":{"hostingSite":"gajendra-csc-new","realtimeDatabaseInstance":"gajendra-csc-new-default-rtdb"},"state":"ACTIVE","etag":"1_fba63948-3b1a-48c8-a166-02308703aa7d"}
[info] 
[info] Your public directory is the folder (relative to your project directory) that
[info] will contain Hosting assets to be uploaded with firebase deploy. If you
[info] have a build process for your assets, use your build's output directory.
[info] 
[info] 
[info] i  Didn't detect a .git folder. Assuming C:\Users\dasg7\OneDrive\Desktop\Gajendra-CSC is the project root. 
[info] i  Authorizing with GitHub to upload your service account to a GitHub repository's secrets store. 
[info] 
[info] Visit this URL on this device to log in:
[info] https://github.com/login/oauth/authorize?client_id=89cf50f02ac6aaed3484&state=535334344&redirect_uri=http%3A%2F%2Flocalhost%3A9005&scope=read%3Auser%20repo%20public_repo
[info] 
[info] Waiting for authentication...
